// Jest Snapshot v1, https://goo.gl/fbAQLP

exports[`MobileMenuTrigger component renders correctly 1`] = `
<a
  className="sc-bdVaJa fWPZdy"
  href="#trigger-mobile-menu"
  onClick={[Function]}
>
  Menu
</a>
`;
